// Jest Snapshot v1, https://goo.gl/fbAQLP

exports[`AccountHome AccountHome page renders correctly 1`] = `
<View
  style={
    {
      "height": "100%",
      "width": "100%",
    }
  }
>
  <View
    style={
      {
        "backgroundColor": "#000000",
        "height": "30%",
        "paddingHorizontal": "6%",
        "paddingTop": "6%",
        "width": "100%",
      }
    }
  >
    <View
      style={
        {
          "borderBottomColor": "#EDF6FF",
          "borderBottomWidth": 1,
          "flex": 0,
          "flexDirection": "row",
          "height": "65%",
        }
      }
    >
      <View
        accessibilityState={
          {
            "busy": undefined,
            "checked": undefined,
            "disabled": undefined,
            "expanded": undefined,
            "selected": undefined,
          }
        }
        accessibilityValue={
          {
            "max": undefined,
            "min": undefined,
            "now": undefined,
            "text": undefined,
          }
        }
        accessible={true}
        collapsable={false}
        focusable={false}
        onClick={[Function]}
        onResponderGrant={[Function]}
        onResponderMove={[Function]}
        onResponderRelease={[Function]}
        onResponderTerminate={[Function]}
        onResponderTerminationRequest={[Function]}
        onStartShouldSetResponder={[Function]}
        style={
          {
            "flex": 0.5,
            "height": 100,
            "opacity": 1,
            "width": 100,
          }
        }
      >
        <Image
          source={
            {
              "testUri": "../../../assets/profile.png",
            }
          }
          style={
            {
              "borderRadius": 50,
              "height": 100,
              "width": 100,
            }
          }
        />
      </View>
      <View
        style={
          {
            "flex": 1,
            "paddingTop": "7%",
            "textAlign": "left",
          }
        }
      >
        <Text
          style={
            {
              "color": "#EDF6FF",
              "fontSize": 23,
            }
          }
        >
          Krishna
        </Text>
        <Text
          style={
            {
              "color": "#EDF6FF",
              "fontSize": 23,
            }
          }
        >
          +91 8123456789
        </Text>
      </View>
    </View>
    <View
      style={
        {
          "alignItems": "center",
          "flex": 0,
          "flexDirection": "row",
          "height": "35%",
          "justifyContent": "space-between",
          "width": "100%",
        }
      }
    >
      <View
        accessibilityState={
          {
            "busy": undefined,
            "checked": undefined,
            "disabled": undefined,
            "expanded": undefined,
            "selected": undefined,
          }
        }
        accessibilityValue={
          {
            "max": undefined,
            "min": undefined,
            "now": undefined,
            "text": undefined,
          }
        }
        accessible={true}
        collapsable={false}
        focusable={true}
        onClick={[Function]}
        onResponderGrant={[Function]}
        onResponderMove={[Function]}
        onResponderRelease={[Function]}
        onResponderTerminate={[Function]}
        onResponderTerminationRequest={[Function]}
        onStartShouldSetResponder={[Function]}
        style={
          {
            "flex": 0,
            "flexDirection": "row",
            "justifyContent": "space-between",
            "opacity": 1,
            "width": "100%",
          }
        }
      >
        <View>
          <Text
            style={
              {
                "color": "#ffffff",
                "fontSize": 20,
              }
            }
          >
            Messages
          </Text>
        </View>
        <FontAwesome
          name="chevron-right"
          style={
            {
              "color": "#ffffff",
              "fontSize": 20,
              "paddingRight": 30,
            }
          }
        />
      </View>
    </View>
  </View>
  <View
    style={
      {
        "backgroundColor": "#1A1A1A",
        "flex": 0,
        "flexDirection": "column",
        "height": "70%",
        "justifyContent": "space-between",
        "padding": "6%",
        "width": "100%",
      }
    }
  >
    <View
      style={
        {
          "flex": 0,
          "flexDirection": "column",
        }
      }
    >
      <View
        accessibilityState={
          {
            "busy": undefined,
            "checked": undefined,
            "disabled": undefined,
            "expanded": undefined,
            "selected": undefined,
          }
        }
        accessibilityValue={
          {
            "max": undefined,
            "min": undefined,
            "now": undefined,
            "text": undefined,
          }
        }
        accessible={true}
        collapsable={false}
        focusable={true}
        onClick={[Function]}
        onResponderGrant={[Function]}
        onResponderMove={[Function]}
        onResponderRelease={[Function]}
        onResponderTerminate={[Function]}
        onResponderTerminationRequest={[Function]}
        onStartShouldSetResponder={[Function]}
        style={
          {
            "opacity": 1,
            "paddingVertical": "4%",
          }
        }
      >
        <Text
          style={
            {
              "color": "#ffffff",
              "fontSize": 20,
            }
          }
        >
          Your Trips
        </Text>
      </View>
      <View
        accessibilityState={
          {
            "busy": undefined,
            "checked": undefined,
            "disabled": undefined,
            "expanded": undefined,
            "selected": undefined,
          }
        }
        accessibilityValue={
          {
            "max": undefined,
            "min": undefined,
            "now": undefined,
            "text": undefined,
          }
        }
        accessible={true}
        collapsable={false}
        focusable={true}
        onClick={[Function]}
        onResponderGrant={[Function]}
        onResponderMove={[Function]}
        onResponderRelease={[Function]}
        onResponderTerminate={[Function]}
        onResponderTerminationRequest={[Function]}
        onStartShouldSetResponder={[Function]}
        style={
          {
            "opacity": 1,
            "paddingVertical": "4%",
          }
        }
      >
        <Text
          style={
            {
              "color": "#ffffff",
              "fontSize": 20,
            }
          }
        >
          Payment
        </Text>
      </View>
      <View
        accessibilityState={
          {
            "busy": undefined,
            "checked": undefined,
            "disabled": undefined,
            "expanded": undefined,
            "selected": undefined,
          }
        }
        accessibilityValue={
          {
            "max": undefined,
            "min": undefined,
            "now": undefined,
            "text": undefined,
          }
        }
        accessible={true}
        collapsable={false}
        focusable={true}
        onClick={[Function]}
        onResponderGrant={[Function]}
        onResponderMove={[Function]}
        onResponderRelease={[Function]}
        onResponderTerminate={[Function]}
        onResponderTerminationRequest={[Function]}
        onStartShouldSetResponder={[Function]}
        style={
          {
            "opacity": 1,
            "paddingVertical": "4%",
          }
        }
      >
        <Text
          style={
            {
              "color": "#ffffff",
              "fontSize": 20,
            }
          }
        >
          Uber Pass
        </Text>
      </View>
      <View
        accessibilityState={
          {
            "busy": undefined,
            "checked": undefined,
            "disabled": undefined,
            "expanded": undefined,
            "selected": undefined,
          }
        }
        accessibilityValue={
          {
            "max": undefined,
            "min": undefined,
            "now": undefined,
            "text": undefined,
          }
        }
        accessible={true}
        collapsable={false}
        focusable={true}
        onClick={[Function]}
        onResponderGrant={[Function]}
        onResponderMove={[Function]}
        onResponderRelease={[Function]}
        onResponderTerminate={[Function]}
        onResponderTerminationRequest={[Function]}
        onStartShouldSetResponder={[Function]}
        style={
          {
            "opacity": 1,
            "paddingVertical": "4%",
          }
        }
      >
        <Text
          style={
            {
              "color": "#ffffff",
              "fontSize": 20,
            }
          }
        >
          Settings
        </Text>
      </View>
    </View>
    <View
      style={
        {
          "flex": 0,
          "flexDirection": "row",
          "justifyContent": "space-between",
          "width": "100%",
        }
      }
    >
      <Text
        style={
          {
            "color": "#ffffff",
            "fontSize": 20,
          }
        }
      >
        Legal
      </Text>
      <Text
        style={
          {
            "color": "#ffffff",
            "fontSize": 14,
          }
        }
      >
        v4.3722003
      </Text>
    </View>
  </View>
</View>
`;
