// Jest Snapshot v1, https://goo.gl/fbAQLP

exports[`Account component renders correctly 1`] = `
<RCTSafeAreaView
  style={
    {
      "alignItems": "center",
      "backgroundColor": "#1976D2",
      "height": undefined,
      "paddingTop": undefined,
      "width": undefined,
    }
  }
>
  <View
    accessibilityState={
      {
        "busy": undefined,
        "checked": undefined,
        "disabled": undefined,
        "expanded": undefined,
        "selected": undefined,
      }
    }
    accessibilityValue={
      {
        "max": undefined,
        "min": undefined,
        "now": undefined,
        "text": undefined,
      }
    }
    accessible={true}
    collapsable={false}
    focusable={true}
    onBlur={[Function]}
    onClick={[Function]}
    onFocus={[Function]}
    onResponderGrant={[Function]}
    onResponderMove={[Function]}
    onResponderRelease={[Function]}
    onResponderTerminate={[Function]}
    onResponderTerminationRequest={[Function]}
    onStartShouldSetResponder={[Function]}
  >
    <View
      style={
        {
          "alignItems": "center",
          "borderRadius": 30,
          "borderWidth": 0,
          "elevation": 5,
          "height": undefined,
          "justifyContent": "center",
          "width": undefined,
        }
      }
    >
      <Text
        style={
          {
            "color": "#EDF6FF",
            "fontSize": 64,
          }
        }
      >
        Uber
      </Text>
    </View>
  </View>
</RCTSafeAreaView>
`;
