// Jest Snapshot v1, https://goo.gl/fbAQLP

exports[`onbordLogin component renders correctly 1`] = `
<RCTScrollView
  style={
    {
      "backgroundColor": "#276FDD",
    }
  }
>
  <View>
    <View
      style={
        {
          "alignItems": "center",
          "height": undefined,
          "paddingTop": undefined,
          "width": undefined,
        }
      }
    >
      <View
        style={
          {
            "alignItems": "center",
            "display": "flex",
            "flexDirection": "row",
          }
        }
      >
        <Image
          source={
            {
              "testUri": "../../../assets/Groupimage.png",
            }
          }
          style={
            {
              "height": 60,
              "width": 80,
            }
          }
        />
        <View
          style={
            {
              "alignItems": "center",
              "borderRadius": 30,
              "borderWidth": 0,
              "elevation": 5,
              "height": undefined,
              "justifyContent": "center",
              "width": undefined,
            }
          }
        >
          <Text
            style={
              {
                "color": "#EDF6FF",
                "fontSize": 64,
                "textAlign": "center",
              }
            }
          >
            Uber
          </Text>
        </View>
      </View>
      <View
        accessibilityState={
          {
            "busy": undefined,
            "checked": undefined,
            "disabled": undefined,
            "expanded": undefined,
            "selected": undefined,
          }
        }
        accessibilityValue={
          {
            "max": undefined,
            "min": undefined,
            "now": undefined,
            "text": undefined,
          }
        }
        accessible={true}
        collapsable={false}
        focusable={false}
        onClick={[Function]}
        onResponderGrant={[Function]}
        onResponderMove={[Function]}
        onResponderRelease={[Function]}
        onResponderTerminate={[Function]}
        onResponderTerminationRequest={[Function]}
        onStartShouldSetResponder={[Function]}
        style={
          {
            "alignItems": "center",
            "borderColor": "#fff",
            "borderRadius": 16.73,
            "borderWidth": 1,
            "flex": 0,
            "flexDirection": "row",
            "justifyContent": "center",
            "marginTop": undefined,
            "opacity": 1,
            "padding": 10,
            "width": undefined,
          }
        }
      >
        <Text
          style={
            {
              "color": "#EDF6FF",
              "fontSize": 18,
              "textAlign": "center",
            }
          }
        >
          Move with saftey
        </Text>
        <Ionicons
          aria-hidden="true"
          color="black"
          name="shield-checkmark-outline"
          size={24}
          style={
            {
              "color": "#EDF6FF",
              "fontSize": 26,
              "paddingLeft": undefined,
            }
          }
        />
      </View>
      <View
        accessibilityState={
          {
            "busy": undefined,
            "checked": undefined,
            "disabled": undefined,
            "expanded": undefined,
            "selected": undefined,
          }
        }
        accessibilityValue={
          {
            "max": undefined,
            "min": undefined,
            "now": undefined,
            "text": undefined,
          }
        }
        accessible={true}
        collapsable={false}
        focusable={true}
        onClick={[Function]}
        onResponderGrant={[Function]}
        onResponderMove={[Function]}
        onResponderRelease={[Function]}
        onResponderTerminate={[Function]}
        onResponderTerminationRequest={[Function]}
        onStartShouldSetResponder={[Function]}
        style={
          {
            "alignItems": "center",
            "borderColor": "#fff",
            "borderRadius": 10,
            "borderWidth": 1,
            "flex": 0,
            "flexDirection": "row",
            "justifyContent": "center",
            "marginTop": undefined,
            "opacity": 1,
            "paddingVertical": 5,
            "width": undefined,
          }
        }
      >
        <Text
          style={
            {
              "color": "#EDF6FF",
              "fontSize": 25,
            }
          }
        >
          Get Started
        </Text>
        < FontAwesome6
          aria-hidden="true"
          name="arrow-right-long"
          style={
            {
              "color": "#EDF6FF",
              "fontSize": 25,
              "paddingLeft": 15,
            }
          }
        />
      </View>
    </View>
  </View>
</RCTScrollView>
`;
