// Jest Snapshot v1, https://goo.gl/fbAQLP

exports[`Past Trips Past Trips page renders correctly 1`] = `
<View
  style={
    {
      "backgroundColor": "#1A1A1A",
      "flex": 0,
      "flexDirection": "column",
      "height": "100%",
      "justifyContent": "center",
      "width": "100%",
    }
  }
>
  <View
    style={
      {
        "alignSelf": "center",
        "height": "40%",
        "width": "70%",
      }
    }
  >
    <Text
      style={
        {
          "color": "#ffffff",
          "fontSize": 20,
          "fontWeight": "700",
          "textAlign": "center",
        }
      }
    >
      You havenâ€™t taken a trip yet
    </Text>
    <View
      style={
        {
          "alignItems": "center",
          "flex": 0,
          "flexDirection": "row",
          "height": "40%",
          "justifyContent": "center",
          "width": "100%",
        }
      }
    >
      <View
        accessibilityState={
          {
            "busy": undefined,
            "checked": undefined,
            "disabled": undefined,
            "expanded": undefined,
            "selected": undefined,
          }
        }
        accessibilityValue={
          {
            "max": undefined,
            "min": undefined,
            "now": undefined,
            "text": undefined,
          }
        }
        accessible={true}
        collapsable={false}
        focusable={false}
        onClick={[Function]}
        onResponderGrant={[Function]}
        onResponderMove={[Function]}
        onResponderRelease={[Function]}
        onResponderTerminate={[Function]}
        onResponderTerminationRequest={[Function]}
        onStartShouldSetResponder={[Function]}
        style={
          {
            "alignItems": "center",
            "borderColor": "#ffffff",
            "borderWidth": 1,
            "height": 50,
            "justifyContent": "center",
            "opacity": 1,
            "width": 150,
          }
        }
      >
        <Text
          style={
            {
              "color": "#ffffff",
              "fontSize": 18,
            }
          }
        >
          Retry
        </Text>
      </View>
    </View>
  </View>
</View>
`;
